2025-12-16 16:50:00 | WARN | repo=php-src | action=pull
2025-09-20 17:39:00 | INFO | repo=php-src | action=edit | files=2
2025-02-26 07:51:00 | DEBUG | repo=php-src | action=test | passed=true
2025-12-09 19:41:00 | WARN | repo=php-src | action=pull
2025-05-17 08:38:00 | INFO | repo=php-src | action=edit | files=4
2025-08-15 08:26:00 | WARN | repo=php-src | action=commit
2025-08-26 19:46:00 | DEBUG | repo=php-src | action=test | passed=true
2025-10-13 12:08:00 | DEBUG | repo=php-src | action=pull
2025-12-15 16:39:00 | WARN | repo=php-src | action=commit
2025-07-06 10:22:00 | DEBUG | repo=php-src | action=commit
2025-06-22 18:53:00 | WARN | repo=php-src | action=commit
2025-06-10 14:00:00 | WARN | repo=php-src | action=commit
2025-12-01 08:32:00 | DEBUG | repo=php-src | action=test | passed=true
2025-10-10 11:43:00 | DEBUG | repo=php-src | action=test | passed=true
2025-08-13 10:52:00 | DEBUG | repo=php-src | action=test | passed=true
2025-02-12 18:01:00 | WARN | repo=php-src | action=commit
2025-11-09 21:49:00 | WARN | repo=php-src | action=test | passed=true
2025-09-26 15:28:00 | INFO | repo=php-src | action=commit
2025-02-14 20:34:00 | DEBUG | repo=php-src | action=edit | files=4
2025-07-28 10:27:00 | DEBUG | repo=php-src | action=edit | files=3
2025-11-02 07:21:00 | WARN | repo=php-src | action=commit
2025-02-20 08:32:00 | DEBUG | repo=php-src | action=commit
2025-12-08 14:35:00 | INFO | repo=php-src | action=commit
2025-02-26 20:31:00 | WARN | repo=php-src | action=commit
2025-01-06 21:13:00 | WARN | repo=php-src | action=commit
2025-08-04 07:52:00 | WARN | repo=php-src | action=commit
2025-09-18 07:27:00 | INFO | repo=php-src | action=commit
2025-07-03 10:15:00 | WARN | repo=php-src | action=commit
2024-08-01 11:59:00 | INFO | repo=php-src | action=commit
2024-11-27 19:10:00 | INFO | repo=php-src | action=commit
2025-05-15 09:22:00 | WARN | repo=php-src | action=pull
2025-03-02 18:31:00 | INFO | repo=php-src | action=commit
2025-07-15 14:20:00 | INFO | repo=php-src | action=pull
2025-03-01 17:39:00 | DEBUG | repo=php-src | action=commit
2025-12-17 13:31:00 | WARN | repo=php-src | action=edit | files=4
2025-07-07 12:33:00 | WARN | repo=php-src | action=commit
2025-10-20 20:30:00 | WARN | repo=php-src | action=commit
2025-08-22 09:43:00 | DEBUG | repo=php-src | action=edit | files=5
2025-01-03 20:29:00 | DEBUG | repo=php-src | action=pull
2025-08-13 11:46:00 | DEBUG | repo=php-src | action=pull
2025-04-27 11:21:00 | INFO | repo=php-src | action=pull
2025-10-07 20:49:00 | DEBUG | repo=php-src | action=test | passed=true
2025-05-19 14:39:00 | INFO | repo=php-src | action=commit
2025-07-08 10:14:00 | WARN | repo=php-src | action=commit
2025-08-07 19:45:00 | DEBUG | repo=php-src | action=edit | files=1
2025-07-09 13:48:00 | DEBUG | repo=php-src | action=commit
2025-12-08 13:35:00 | INFO | repo=php-src | action=pull
2025-05-21 19:23:00 | INFO | repo=php-src | action=edit | files=3
2025-12-19 17:26:00 | WARN | repo=php-src | action=commit
2025-07-06 10:01:00 | WARN | repo=php-src | action=test | passed=true
2025-04-14 13:20:00 | INFO | repo=php-src | action=commit
2025-02-28 09:42:00 | INFO | repo=php-src | action=commit
2025-06-21 19:20:00 | INFO | repo=php-src | action=commit
2025-10-26 17:42:00 | WARN | repo=php-src | action=commit
